package fake.code.generated.queries.query;

import static no.sikt.graphitron.jooq.generated.testdata.FieldHelpers.*;
import static no.sikt.graphitron.jooq.generated.testdata.Keys.*;
import static no.sikt.graphitron.jooq.generated.testdata.Tables.*;
import static org.jooq.Functions.*;
import static org.jooq.impl.DSL.*;

import fake.graphql.example.package.model.Store;
import java.lang.String;
import java.util.List;
import no.fellesstudentsystem.graphql.helpers.selection.SelectionSet;
import org.jooq.DSLContext;

public class QueryDBQueries {
    public List<Store> storeForQuery(DSLContext ctx, String id, SelectionSet select) {
        return ctx
                .select(
                        row(
                                STORE.getId().as("id")
                        ).mapping(nullOnAllNull(Store::new)).as("store")
                )
                .from(STORE)
                .where(STORE.ID.eq(id))
                .orderBy(STORE.getIdFields())
                .fetch(0, Store.class);
    }
}