package no.fellesstudentsystem.graphql.resolvers.query;

import graphql.relay.DefaultConnectionCursor;
import graphql.relay.DefaultEdge;
import graphql.relay.DefaultPageInfo;
import graphql.schema.DataFetchingEnvironment;
import java.lang.Exception;
import java.lang.Integer;
import java.lang.Math;
import java.lang.Override;
import java.lang.String;
import java.util.AbstractMap;
import java.util.HashSet;
import java.util.Map;
import java.util.Optional;
import java.util.concurrent.CompletableFuture;
import java.util.stream.Collectors;
import javax.inject.Inject;
import no.fellesstudentsystem.graphql.generated.api.PersonProfilResolver;
import no.fellesstudentsystem.graphql.generated.model.Pass;
import no.fellesstudentsystem.graphql.generated.model.PersonProfil;
import no.fellesstudentsystem.graphql.helpers.EnvironmentUtils;
import no.fellesstudentsystem.graphql.helpers.selection.ConnectionSelectionSets;
import no.fellesstudentsystem.graphql.queries.PersonProfilDBQueries;
import no.fellesstudentsystem.graphql.relay.ConnectionImpl;
import no.fellesstudentsystem.graphql.relay.ExtendedConnection;
import org.dataloader.DataLoader;
import org.dataloader.DataLoaderFactory;
import org.dataloader.MappedBatchLoaderWithContext;

public class PersonProfilGeneratedResolver implements PersonProfilResolver {
    @Inject
    private PersonProfilDBQueries personProfilDBQueries;

    @Override
    public CompletableFuture<ExtendedConnection<Pass>> pass(PersonProfil personProfil,
            Integer first, String after, DataFetchingEnvironment env) throws Exception {
        int pageSize = Optional.ofNullable(first).orElse(10);
        DataLoader<String, ExtendedConnection<Pass>> loader = env.getDataLoaderRegistry().computeIfAbsent("passForPersonProfil", name -> {
            var batchLoader = (MappedBatchLoaderWithContext<String, ExtendedConnection<Pass>>) (keys, batchEnvLoader) -> {
                var keyToId = keys.stream().collect(
                        Collectors.toMap(s -> s, s -> s.substring(s.lastIndexOf("||") + 2)));
                var idSet = new HashSet<>(keyToId.values());
                var selectionSet = new ConnectionSelectionSets(EnvironmentUtils.getSelectionSetsFromEnvironment(batchEnvLoader));
                var dbResult = personProfilDBQueries.passForPersonProfil(idSet, pageSize, after, selectionSet);
                var totalCount = selectionSet.contains("totalCount") ? personProfilDBQueries.countPassForPersonProfil(idSet) : null;
                var mapResult = keyToId.entrySet().stream()
                        .filter(it -> dbResult.get(it.getValue()) != null)
                        .collect(Collectors.toMap(Map.Entry::getKey, it -> dbResult.get(it.getValue())));
                var pagedResult = mapResult.entrySet().stream().map(resultEntry -> {
                    var resultValue = resultEntry.getValue();
                    var size = Math.min(resultValue.size(), pageSize);
                    var items = resultValue.subList(0, size);
                    var firstItem = items.size() == 0 ? null : new DefaultConnectionCursor(items.get(0).getId());
                    var lastItem = items.size() == 0 ? null : new DefaultConnectionCursor(items.get(items.size() - 1).getId());
                    var pagedResultEntry = ConnectionImpl
                            .<Pass>builder()
                            .setPageInfo(
                                    new DefaultPageInfo(firstItem, lastItem, false, resultValue.size() > pageSize)
                            )
                            .setNodes(items)
                            .setEdges(
                                    items
                                            .stream()
                                            .map(item -> new DefaultEdge<Pass>(item, new DefaultConnectionCursor(item.getId())))
                                            .collect(Collectors.toList())
                            )
                            .setTotalCount(totalCount != null ? Math.min(1000, totalCount) : null)
                            .build();
                    return new AbstractMap.SimpleEntry<String, ExtendedConnection<Pass>>(resultEntry.getKey(), pagedResultEntry);
                } ).collect(Collectors.toMap(r -> r.getKey(), r -> r.getValue()));
                return CompletableFuture.completedFuture(pagedResult);
            } ;
            return DataLoaderFactory.newMappedDataLoader(batchLoader);
        } );
        return loader.load(env.getExecutionStepInfo().getPath().toString() + "||" + personProfil.getId(), env);
    }
}
