{
    "data": {
        "customerServiceWithJavaRecordInput": {
            "name": {
                "firstName": "My Name"
            }
        }
    }
}