{
    "data": {
        "payments": {
            "nodes": [
                {
                    "managerForStaff": {
                        "email": "Mike.Hillyer@sakilastaff.com"
                    }
                }
            ]
        }
    }
}