{
    "data": {
        "films": {
            "nodes": [
                {
                    "id": "1000"
                },
                {
                    "id": "999"
                }
            ]
        }
    }
}