package fake.code.generated.resolvers.mutation;

import fake.code.generated.queries.mutation.DeleteCustomerInputAndResponseDBQueries;
import fake.graphql.example.package.api.DeleteCustomerInputAndResponseMutationResolver;
import fake.graphql.example.package.model.DeleteInput;
import fake.graphql.example.package.model.DeleteResponse;
import graphql.schema.DataFetchingEnvironment;
import java.lang.Exception;
import java.lang.Override;
import java.util.concurrent.CompletableFuture;
import javax.inject.Inject;
import no.fellesstudentsystem.graphql.helpers.arguments.Arguments;
import no.sikt.graphitron.jooq.generated.testdata.FieldHelpers;
import no.sikt.graphitron.jooq.generated.testdata.tables.records.CustomerRecord;
import org.jooq.DSLContext;

public class DeleteCustomerInputAndResponseGeneratedResolver implements DeleteCustomerInputAndResponseMutationResolver {
    @Inject
    DSLContext ctx;

    @Inject
    private DeleteCustomerInputAndResponseDBQueries deleteCustomerInputAndResponseDBQueries;

    @Override
    public CompletableFuture<DeleteResponse> deleteCustomerInputAndResponse(DeleteInput input,
            DataFetchingEnvironment env) throws Exception {
        var ctx = env.getLocalContext() == null ? this.ctx : (DSLContext) env.getLocalContext();
        var flatArguments = Arguments.flattenArgumentKeys(env.getArguments());

        var inputRecord = new CustomerRecord();
        inputRecord.attach(ctx.configuration());

        if (input != null) {
            if (flatArguments.contains("input/firstName")) {
                inputRecord.setFirstName(input.getFirstName());
            }
            if (flatArguments.contains("input/email")) {
                inputRecord.setEmail(input.getEmail());
            }
            if (flatArguments.contains("input/id")) {
                inputRecord.setId(input.getId());
            }
            FieldHelpers.setPersonKeysFromPlattformIds(ctx, inputRecord);
        }

        var rowsUpdated = deleteCustomerInputAndResponseDBQueries.deleteCustomerInputAndResponse(ctx, inputRecord);

        var deleteResponse = new DeleteResponse();
        deleteResponse.setId(inputRecord.getId());

        return CompletableFuture.completedFuture(deleteResponse);
    }
}