package fake.code.example.package.resolvers.mutation;

import graphql.schema.DataFetchingEnvironment;
import java.lang.Exception;
import java.lang.Override;
import java.util.Set;
import java.util.concurrent.CompletableFuture;
import javax.inject.Inject;
import fake.graphql.example.package.api.SlettPersonWithProfilResponseMutationResolver;
import fake.graphql.example.package.model.EndreInput;
import fake.graphql.example.package.model.EndreResponseWithPerson;
import fake.graphql.example.package.model.PersonProfil;
import no.fellesstudentsystem.graphql.helpers.selection.SelectionSet;
import fake.code.example.package.queries.mutation.SlettPersonWithProfilResponseDBQueries;
import fake.code.example.package.queries.query.PersonProfilDBQueries;
import no.fellesstudentsystem.kjerneapi.FieldHelpers;
import no.fellesstudentsystem.kjerneapi.tables.records.PersonRecord;
import org.jooq.DSLContext;

public class SlettPersonWithProfilResponseGeneratedResolver implements SlettPersonWithProfilResponseMutationResolver {
    @Inject
    DSLContext ctx;

    @Inject
    private PersonProfilDBQueries personProfilDBQueries;

    @Inject
    private SlettPersonWithProfilResponseDBQueries slettPersonWithProfilResponseDBQueries;

    @Override
    public CompletableFuture<EndreResponseWithPerson> slettPersonWithProfilResponse(
            EndreInput input, DataFetchingEnvironment env) throws Exception {
        var select = new SelectionSet(env.getSelectionSet());
        var inputRecord = new PersonRecord();
        inputRecord.attach(ctx.configuration());

        if (input != null) {
            inputRecord.setId(input.getId());
            inputRecord.setFornavn(input.getFornavn());
            inputRecord.setEmailadressePrivat(input.getPrivatEpost());
            FieldHelpers.setPersonKeysFromPlattformIds(ctx, inputRecord);
        }

        var rowsUpdated = slettPersonWithProfilResponseDBQueries.slettPersonWithProfilResponse(inputRecord);
        var inputRecordPersonProfil = getEndreResponseWithPersonPersonProfil(inputRecord, select);

        var endreResponseWithPerson = new EndreResponseWithPerson();
        endreResponseWithPerson.setPersonProfil(inputRecordPersonProfil);

        return CompletableFuture.completedFuture(endreResponseWithPerson);
    }

    private PersonProfil getEndreResponseWithPersonPersonProfil(PersonRecord idContainer,
            SelectionSet select) {
        if (!select.contains("personProfil") || idContainer == null) {
            return null;
        }

        var nodes = personProfilDBQueries.loadPersonProfilByIdsAsNode(Set.of(idContainer.getId()), select.withPrefix("personProfil"));
        return nodes.values().stream().findFirst().orElse(null);
    }
}
