package fake.code.example.package.resolvers.mutation;

import graphql.schema.DataFetchingEnvironment;
import java.lang.Exception;
import java.lang.Override;
import java.util.ArrayList;
import java.util.List;
import java.util.concurrent.CompletableFuture;
import javax.inject.Inject;
import no.fellesstudentsystem.graphitron.services.TestPersonService;
import fake.graphql.example.package.api.EndrePersonListInputAndResponseMutationResolver;
import fake.graphql.example.package.model.EndreInput;
import fake.graphql.example.package.model.EndreResponse;
import no.fellesstudentsystem.graphql.helpers.arguments.Arguments;
import no.fellesstudentsystem.kjerneapi.FieldHelpers;
import no.fellesstudentsystem.kjerneapi.tables.records.PersonRecord;
import org.jooq.DSLContext;

public class EndrePersonListInputAndResponseGeneratedResolver implements EndrePersonListInputAndResponseMutationResolver {
    @Inject
    DSLContext ctx;

    @Override
    public CompletableFuture<List<EndreResponse>> endrePersonListInputAndResponse(
            List<EndreInput> input, DataFetchingEnvironment env) throws Exception {
        var testPersonService = new TestPersonService(ctx);
        var flatArguments = Arguments.flattenArgumentKeys(env.getArguments());

        var inputRecordList = new ArrayList<PersonRecord>();


        if (input != null) {
            for (var itInput : input) {
                if (itInput == null) continue;
                var inputRecord = new PersonRecord();
                inputRecord.attach(ctx.configuration());
                if (flatArguments.contains("input/privatEpost")) {
                    inputRecord.setEmailadressePrivat(itInput.getPrivatEpost());
                }
                if (flatArguments.contains("input/id")) {
                    inputRecord.setId(itInput.getId());
                }
                if (flatArguments.contains("input/fornavn")) {
                    inputRecord.setFornavn(itInput.getFornavn());
                }
                inputRecordList.add(inputRecord);
            }
        }
        FieldHelpers.setPersonKeysFromPlattformIds(ctx, inputRecordList);

        var endrePersonListInputAndResponseResult = testPersonService.endrePersonListInputAndResponse(inputRecordList);


        var endreResponseList = new ArrayList<EndreResponse>();
        for (var itEndrePersonListInputAndResponseResult : endrePersonListInputAndResponseResult) {
            var endreResponse = new EndreResponse();
            endreResponse.setId(itEndrePersonListInputAndResponseResult.getId());
            endreResponse.setFornavn(itEndrePersonListInputAndResponseResult.getFornavn());
            endreResponse.setPrivatEpost(itEndrePersonListInputAndResponseResult.getEpostField());
            endreResponseList.add(endreResponse);
        }

        return CompletableFuture.completedFuture(endreResponseList);
    }
}
