package fake.code.generated.resolvers.mutation;

import fake.code.generated.queries.mutation.EditCustomerInputDBQueries;
import fake.graphql.example.package.api.EditCustomerInputMutationResolver;
import fake.graphql.example.package.model.EditInput;
import graphql.schema.DataFetchingEnvironment;
import java.lang.Exception;
import java.lang.Override;
import java.lang.String;
import java.util.concurrent.CompletableFuture;
import javax.inject.Inject;
import no.fellesstudentsystem.graphql.helpers.arguments.Arguments;
import no.sikt.graphitron.jooq.generated.testdata.FieldHelpers;
import no.sikt.graphitron.jooq.generated.testdata.tables.records.CustomerRecord;
import org.jooq.DSLContext;

public class EditCustomerInputGeneratedResolver implements EditCustomerInputMutationResolver {
    @Inject
    DSLContext ctx;

    @Inject
    private EditCustomerInputDBQueries editCustomerInputDBQueries;

    @Override
    public CompletableFuture<String> editCustomerInput(EditInput input, DataFetchingEnvironment env)
            throws Exception {
        var ctx = env.getLocalContext() == null ? this.ctx : (DSLContext) env.getLocalContext();
        var flatArguments = Arguments.flattenArgumentKeys(env.getArguments());

        var inputRecord = new CustomerRecord();
        inputRecord.attach(ctx.configuration());

        if (input != null) {
            if (flatArguments.contains("input/firstName")) {
                inputRecord.setFirstName(input.getFirstName());
            }
            if (flatArguments.contains("input/email")) {
                inputRecord.setEmail(input.getEmail());
            }
            if (flatArguments.contains("input/id")) {
                inputRecord.setId(input.getId());
            }
            FieldHelpers.setPersonKeysFromPlattformIds(ctx, inputRecord);
        }

        var rowsUpdated = editCustomerInputDBQueries.editCustomerInput(ctx, inputRecord);

        return CompletableFuture.completedFuture(inputRecord.getId());
    }
}