package no.fellesstudentsystem.graphql.resolvers.mutation;

import graphql.schema.DataFetchingEnvironment;
import java.lang.Exception;
import java.lang.Override;
import java.util.concurrent.CompletableFuture;
import javax.inject.Inject;
import no.fellesstudentsystem.graphql.generated.api.EndrePersonWithProfilResponseMutationResolver;
import no.fellesstudentsystem.graphql.generated.model.EndreInput;
import no.fellesstudentsystem.graphql.generated.model.EndreResponseWithPerson;
import no.fellesstudentsystem.graphql.queries.mutation.EndrePersonWithProfilResponseDBQueries;
import no.fellesstudentsystem.kjerneapi.FieldHelpers;
import no.fellesstudentsystem.kjerneapi.tables.records.PersonRecord;
import org.jooq.DSLContext;

public class EndrePersonWithProfilResponseGeneratedResolver implements EndrePersonWithProfilResponseMutationResolver {
    @Inject
    DSLContext ctx;

    @Inject
    private EndrePersonWithProfilResponseDBQueries endrePersonWithProfilResponseDBQueries;

    @Override
    public CompletableFuture<EndreResponseWithPerson> endrePersonWithProfilResponse(
            EndreInput input, DataFetchingEnvironment env) throws Exception {
        var inputRecord = new PersonRecord();
        inputRecord.attach(ctx.configuration());

        if (input != null) {
            inputRecord.setId(input.getId());
            inputRecord.setFornavn(input.getFornavn());
            inputRecord.setEmailadressePrivat(input.getPrivatEpost());
            FieldHelpers.setPersonKeysFromPlattformIds(ctx, inputRecord);
        }

        var endrePersonWithProfilResponseResult = endrePersonWithProfilResponseDBQueries.endrePersonWithProfilResponse(inputRecord);

        var endreResponseWithPerson = new EndreResponseWithPerson();
        endreResponseWithPerson.setId(inputRecord.getId());

        return CompletableFuture.completedFuture(endreResponseWithPerson);
    }
}
