package fake.code.example.package.resolvers.mutation;

import graphql.schema.DataFetchingEnvironment;
import java.lang.Exception;
import java.lang.Override;
import java.lang.String;
import java.util.List;
import java.util.concurrent.CompletableFuture;
import java.util.stream.Collectors;
import javax.inject.Inject;
import no.fellesstudentsystem.graphitron.services.TestPersonService;
import fake.graphql.example.package.api.EndrePersonRecord1MutationResolver;
import fake.graphql.example.package.model.EndreResponse1;
import org.jooq.DSLContext;

public class EndrePersonRecord1GeneratedResolver implements EndrePersonRecord1MutationResolver {
    @Inject
    DSLContext ctx;

    @Override
    public CompletableFuture<EndreResponse1> endrePersonRecord1(List<String> id,
            DataFetchingEnvironment env) throws Exception {
        var testPersonService = new TestPersonService(ctx);

        var endrePersonRecord1Result = testPersonService.endrePersonRecord1(id);

        var endreResponse1 = new EndreResponse1();
        endreResponse1.setId1(endrePersonRecord1Result.stream().map(itId1 -> itId1.getId()).collect(Collectors.toList()));

        return CompletableFuture.completedFuture(endreResponse1);
    }
}
