package fake.code.generated.resolvers.mutation;

import fake.code.generated.queries.mutation.UpsertCustomerInputAndResponseDBQueries;
import fake.graphql.example.package.api.UpsertCustomerInputAndResponseMutationResolver;
import fake.graphql.example.package.model.UpsertInput;
import fake.graphql.example.package.model.UpsertResponse;
import graphql.schema.DataFetchingEnvironment;
import java.lang.Exception;
import java.lang.Override;
import java.util.ArrayList;
import java.util.List;
import java.util.concurrent.CompletableFuture;
import javax.inject.Inject;
import no.fellesstudentsystem.graphql.helpers.arguments.Arguments;
import no.sikt.graphitron.jooq.generated.testdata.tables.records.CustomerRecord;
import org.jooq.DSLContext;

public class UpsertCustomerInputAndResponseGeneratedResolver implements UpsertCustomerInputAndResponseMutationResolver {
    @Inject
    DSLContext ctx;

    @Inject
    private UpsertCustomerInputAndResponseDBQueries upsertCustomerInputAndResponseDBQueries;

    @Override
    public CompletableFuture<List<UpsertResponse>> upsertCustomerInputAndResponse(
            List<UpsertInput> input, DataFetchingEnvironment env) throws Exception {
        var ctx = env.getLocalContext() == null ? this.ctx : (DSLContext) env.getLocalContext();
        var flatArguments = Arguments.flattenArgumentKeys(env.getArguments());

        List<CustomerRecord> inputRecordList = new ArrayList<CustomerRecord>();


        if (input != null) {
            for (var itInput : input) {
                if (itInput == null) continue;
                var inputRecord = new CustomerRecord();
                inputRecord.attach(ctx.configuration());
                if (flatArguments.contains("input/id")) {
                    inputRecord.setId(itInput.getId());
                }
                if (flatArguments.contains("input/customerId")) {
                    inputRecord.setCustomerId(itInput.getCustomerId());
                }
                if (flatArguments.contains("input/firstName")) {
                    inputRecord.setFirstName(itInput.getFirstName());
                }
                if (flatArguments.contains("input/lastName")) {
                    inputRecord.setLastName(itInput.getLastName());
                }
                if (flatArguments.contains("input/storeId")) {
                    inputRecord.setStoreId(itInput.getStoreId());
                }
                if (flatArguments.contains("input/addressId")) {
                    inputRecord.setAddressId(itInput.getAddressId());
                }
                if (flatArguments.contains("input/active")) {
                    inputRecord.setActivebool(itInput.getActive());
                }
                if (flatArguments.contains("input/createdDate")) {
                    inputRecord.setCreateDate(itInput.getCreatedDate());
                }
                inputRecordList.add(inputRecord);
            }
        }

        var rowsUpdated = upsertCustomerInputAndResponseDBQueries.upsertCustomerInputAndResponse(ctx, inputRecordList);

        var upsertResponseList = new ArrayList<UpsertResponse>();
        for (var itInputRecordList : inputRecordList) {
            var upsertResponse = new UpsertResponse();
            upsertResponse.setId(itInputRecordList.getId());
            upsertResponseList.add(upsertResponse);
        }

        return CompletableFuture.completedFuture(upsertResponseList);
    }
}