package fake.code.example.package.resolvers.query;

import graphql.schema.DataFetchingEnvironment;
import java.lang.Exception;
import java.lang.Override;
import java.lang.String;
import java.util.List;
import java.util.concurrent.CompletableFuture;
import javax.inject.Inject;
import fake.graphql.example.package.api.QueryResolver;
import fake.graphql.example.package.model.Vurderingsmelding;
import no.fellesstudentsystem.graphql.helpers.EnvironmentUtils;
import no.fellesstudentsystem.graphql.helpers.selection.SelectionSet;
import fake.code.example.package.queries.query.QueryDBQueries;

public class QueryGeneratedResolver implements QueryResolver {
    @Inject
    private QueryDBQueries queryDBQueries;

    @Override
    public CompletableFuture<List<Vurderingsmelding>> vurderingsmelding(String id,
            DataFetchingEnvironment env) throws Exception {
        var selectionSet = new SelectionSet(EnvironmentUtils.getSelectionSetsFromEnvironment(env));
        var dbResult = queryDBQueries.vurderingsmeldingForQuery(id, selectionSet);
        return CompletableFuture.completedFuture(dbResult);
    }
}
