package no.fellesstudentsystem.graphql.resolvers.query;

import graphql.schema.DataFetchingEnvironment;
import java.lang.Exception;
import java.lang.Override;
import java.lang.String;
import java.util.HashSet;
import java.util.Map;
import java.util.concurrent.CompletableFuture;
import java.util.stream.Collectors;
import javax.inject.Inject;
import no.fellesstudentsystem.graphql.generated.api.VurderingsmeldingResolver;
import no.fellesstudentsystem.graphql.generated.model.Telefon;
import no.fellesstudentsystem.graphql.generated.model.Vurderingsmelding;
import no.fellesstudentsystem.graphql.helpers.EnvironmentUtils;
import no.fellesstudentsystem.graphql.helpers.selection.SelectionSets;
import no.fellesstudentsystem.graphql.queries.query.VurderingsmeldingDBQueries;
import org.dataloader.DataLoader;
import org.dataloader.DataLoaderFactory;
import org.dataloader.MappedBatchLoaderWithContext;

public class VurderingsmeldingGeneratedResolver implements VurderingsmeldingResolver {
    @Inject
    private VurderingsmeldingDBQueries vurderingsmeldingDBQueries;

    @Override
    public CompletableFuture<Telefon> studentPrivatTelefon(Vurderingsmelding vurderingsmelding,
            DataFetchingEnvironment env) throws Exception {
        DataLoader<String, Telefon> loader = env.getDataLoaderRegistry().computeIfAbsent("studentPrivatTelefonForVurderingsmelding", name -> {
            var batchLoader = (MappedBatchLoaderWithContext<String, Telefon>) (keys, batchEnvLoader) -> {
                var keyToId = keys.stream().collect(
                        Collectors.toMap(s -> s, s -> s.substring(s.lastIndexOf("||") + 2)));
                var idSet = new HashSet<>(keyToId.values());
                var selectionSet = new SelectionSets(EnvironmentUtils.getSelectionSetsFromEnvironment(batchEnvLoader));
                var dbResult = vurderingsmeldingDBQueries.studentPrivatTelefonForVurderingsmelding(idSet, selectionSet);
                var mapResult = keyToId.entrySet().stream()
                        .filter(it -> dbResult.get(it.getValue()) != null)
                        .collect(Collectors.toMap(Map.Entry::getKey, it -> dbResult.get(it.getValue())));
                return CompletableFuture.completedFuture(mapResult);
            } ;
            return DataLoaderFactory.newMappedDataLoader(batchLoader);
        } );
        return loader.load(env.getExecutionStepInfo().getPath().toString() + "||" + vurderingsmelding.getId(), env);
    }
}
