package fake.code.example.package.queries.mutation;

import static no.fellesstudentsystem.kjerneapi.FieldHelpers.*;
import static no.fellesstudentsystem.kjerneapi.Keys.*;
import static no.fellesstudentsystem.kjerneapi.Tables.*;
import static org.jooq.Functions.*;
import static org.jooq.impl.DSL.*;

import java.lang.String;
import java.util.Arrays;
import no.fellesstudentsystem.kjerneapi.tables.records.PersonRecord;
import org.jooq.DSLContext;

public class EndrePersonRecord0DBQueries {
    public int endrePersonRecord0(DSLContext ctx, String id, PersonRecord inRecord) {
        return Arrays.stream(ctx.batchUpdate(inRecord).execute()).sum();
    }
}
