package no.fellesstudentsystem.graphql.resolvers.query;

import graphql.schema.DataFetchingEnvironment;
import java.lang.Exception;
import java.lang.Override;
import java.lang.String;
import java.util.HashSet;
import java.util.List;
import java.util.Map;
import java.util.Optional;
import java.util.concurrent.CompletableFuture;
import java.util.stream.Collectors;
import javax.inject.Inject;
import no.fellesstudentsystem.graphql.generated.api.EmneResolver;
import no.fellesstudentsystem.graphql.generated.model.Campusemne;
import no.fellesstudentsystem.graphql.generated.model.Emne;
import no.fellesstudentsystem.graphql.helpers.EnvironmentUtils;
import no.fellesstudentsystem.graphql.helpers.selection.SelectionSets;
import no.fellesstudentsystem.graphql.queries.EmneDBQueries;
import org.dataloader.DataLoader;
import org.dataloader.DataLoaderFactory;
import org.dataloader.MappedBatchLoaderWithContext;

public class EmneGeneratedResolver implements EmneResolver {
    @Inject
    private EmneDBQueries emneDBQueries;

    @Override
    public CompletableFuture<List<Campusemne>> campuser(Emne emne, DataFetchingEnvironment env)
            throws Exception {
        DataLoader<String, List<Campusemne>> loader = env.getDataLoaderRegistry().computeIfAbsent("campuserForEmne", name -> {
            var batchLoader = (MappedBatchLoaderWithContext<String, List<Campusemne>>) (keys, batchEnvLoader) -> {
                var keyToId = keys.stream().collect(
                        Collectors.toMap(s -> s, s -> s.substring(s.lastIndexOf("||") + 2)));
                var idSet = new HashSet<>(keyToId.values());
                var selectionSet = new SelectionSets(EnvironmentUtils.getSelectionSetsFromEnvironment(batchEnvLoader));
                var dbResult = emneDBQueries.campuserForEmne(idSet, selectionSet);
                var mapResult = keyToId.entrySet().stream()
                        .filter(it -> dbResult.get(it.getValue()) != null)
                        .collect(Collectors.toMap(Map.Entry::getKey, it -> dbResult.get(it.getValue())));
                return CompletableFuture.completedFuture(mapResult);
            } ;
            return DataLoaderFactory.newMappedDataLoader(batchLoader);
        } );
        return loader.load(env.getExecutionStepInfo().getPath().toString() + "||" + emne.getId(), env).thenApply(data -> Optional.ofNullable(data).orElse(List.of()));
    }
}
