package fake.code.generated.resolvers.mutation;

import fake.code.generated.queries.mutation.EditFilmRatingWithConverterIterableDBQueries;
import fake.graphql.example.package.api.EditFilmRatingWithConverterIterableMutationResolver;
import fake.graphql.example.package.model.FilmInput2;
import fake.graphql.example.package.model.ListedResponse;
import fake.graphql.example.package.model.Rating;
import graphql.schema.DataFetchingEnvironment;
import java.lang.Exception;
import java.lang.Override;
import java.util.ArrayList;
import java.util.List;
import java.util.Map;
import java.util.concurrent.CompletableFuture;
import java.util.stream.Collectors;
import javax.inject.Inject;
import no.fellesstudentsystem.graphitron.enums.RatingTest;
import no.fellesstudentsystem.graphql.helpers.arguments.Arguments;
import no.sikt.graphitron.jooq.generated.testdata.FieldHelpers;
import no.sikt.graphitron.jooq.generated.testdata.tables.records.FilmRecord;
import org.jooq.DSLContext;

public class EditFilmRatingWithConverterIterableGeneratedResolver implements EditFilmRatingWithConverterIterableMutationResolver {
    @Inject
    DSLContext ctx;

    @Inject
    private EditFilmRatingWithConverterIterableDBQueries editFilmRatingWithConverterIterableDBQueries;

    @Override
    public CompletableFuture<ListedResponse> editFilmRatingWithConverterIterable(
            List<FilmInput2> input, DataFetchingEnvironment env) throws Exception {
        var ctx = env.getLocalContext() == null ? this.ctx : (DSLContext) env.getLocalContext();
        var flatArguments = Arguments.flattenArgumentKeys(env.getArguments());

        var inputRecordList = new ArrayList<FilmRecord>();


        if (input != null) {
            for (var itInput : input) {
                if (itInput == null) continue;
                var inputRecord = new FilmRecord();
                inputRecord.attach(ctx.configuration());
                if (flatArguments.contains("input/rating")) {
                    inputRecord.setRating(itInput.getRating() == null ? null : Map.of(Rating.R, RatingTest.R, Rating.G, RatingTest.G, Rating.PG, RatingTest.PG).getOrDefault(itInput.getRating(), null));
                }
                if (flatArguments.contains("input/id")) {
                    inputRecord.setId(itInput.getId());
                }
                inputRecordList.add(inputRecord);
            }
        }
        FieldHelpers.setPersonKeysFromPlattformIds(ctx, inputRecordList);

        var rowsUpdated = editFilmRatingWithConverterIterableDBQueries.editFilmRatingWithConverterIterable(ctx, inputRecordList);

        var listedResponse = new ListedResponse();
        listedResponse.setIds(inputRecordList.stream().map(it -> it.getId()).collect(Collectors.toList()));

        return CompletableFuture.completedFuture(listedResponse);
    }
}