package fake.code.example.package.resolvers.mutation;

import graphql.schema.DataFetchingEnvironment;
import java.lang.Exception;
import java.lang.Override;
import java.util.Map;
import java.util.concurrent.CompletableFuture;
import javax.inject.Inject;
import fake.graphql.example.package.api.EndreStudentBildeMutationResolver;
import fake.graphql.example.package.model.BildeInput;
import fake.graphql.example.package.model.Response;
import fake.graphql.example.package.model.StudentbildeFiltype;
import fake.code.example.package.queries.mutation.EndreStudentBildeDBQueries;
import no.fellesstudentsystem.graphql.helpers.arguments.Arguments;
import no.fellesstudentsystem.kjerneapi.FieldHelpers;
import no.fellesstudentsystem.kjerneapi.tables.records.PersonbildeRecord;
import org.jooq.DSLContext;

public class EndreStudentBildeGeneratedResolver implements EndreStudentBildeMutationResolver {
    @Inject
    DSLContext ctx;

    @Inject
    private EndreStudentBildeDBQueries endreStudentBildeDBQueries;

    @Override
    public CompletableFuture<Response> endreStudentBilde(BildeInput input,
            DataFetchingEnvironment env) throws Exception {
        var flatArguments = Arguments.flattenArgumentKeys(env.getArguments());

        var inputRecord = new PersonbildeRecord();
        inputRecord.attach(ctx.configuration());

        if (input != null) {
            if (flatArguments.contains("input/id")) {
                inputRecord.setId(input.getId());
            }
            if (flatArguments.contains("input/filtype")) {
                inputRecord.setFilextension(input.getFiltype() == null ? null : Map.of(StudentbildeFiltype.JPG, "JPG", StudentbildeFiltype.PNG, "PNG").getOrDefault(input.getFiltype(), null));
            }
            FieldHelpers.setPersonKeysFromPlattformIds(ctx, inputRecord);
        }

        var rowsUpdated = endreStudentBildeDBQueries.endreStudentBilde(inputRecord);

        var response = new Response();
        response.setId(inputRecord.getId());

        return CompletableFuture.completedFuture(response);
    }
}
